mktextfm Consolas
mktextfm Consolas
mktextfm Consolas
mktextfm Consolas/BI
mktextfm Consolas
mktextfm Consolas/B
mktextfm Consolas
mktextfm Consolas/I
mktextfm Consolas
mktextfm Consolas
mktextfm SimSun
mktextfm SimSun
mktextfm SimSun
mktextfm SimSun/BI
mktextfm SimSun
mktextfm SimSun/B
mktextfm SimSun
mktextfm SimSun/I
mktextfm SimSun
mktextfm SimSun
mktextfm SimSun
mktextfm SimSun/OT
mktextfm SimSun/OT
mktextfm SimSun/OT
mktextfm SimSun/I/OT
mktextfm SimSun/OT
mktextfm SimSun/BI/OT
mktextfm SimSun/OT
mktextfm SimSun/I/OT
mktextfm SimSun/OT
mktextfm SimSun/OT
mktextfm SimSun/OT
mktextfm SimSun/OT
mktextfm FontAwesome
mktextfm FontAwesome
mktextfm FontAwesome
mktextfm FontAwesome/BI
mktextfm FontAwesome
mktextfm FontAwesome/B
mktextfm FontAwesome
mktextfm FontAwesome/I
mktextfm FontAwesome
mktextfm FontAwesome
mktextfm SimSun/OT
mktextfm Consolas
mktextfm FontAwesome
mktextfm SimSun/OT
mktextfm SimSun/OT
